
> seencel-v2@0.1.0 build
> next build

Ôû▓ Next.js 16.1.1 (Turbopack)
- Environments: .env.local
- Experiments (use with caution):
  ┬À serverActions

node.exe : ÔÜá The "middleware" file convention is 
deprecated. Please use "proxy" instead. Learn more: 
https://nextjs.org/docs/messages/middleware-to-proxy
En C:\Program Files\nodejs\npm.ps1: 29 Carácter: 3
+   & $NODE_EXE $NPM_CLI_JS $args
+   ~~~~~~~~~~~~~~~~~~~~~~~~~~~~~
    + CategoryInfo          : NotSpecified: (ÔÜá 
The     "middle...leware-to-proxy:String) [], 
RemoteExcep    tion
    + FullyQualifiedErrorId : NativeCommandError
 
  Creating an optimized production build ...

> Build error occurred
Error: Turbopack build failed with 2 errors:
./src/app/[locale]/(dashboard)/organization/billing/
plans/page.tsx:5:1
Export getPlanPurchaseFlags doesn't exist in target 
module
[0m [90m 3 |[39m [36mimport[39m { 
[33mPlansComparison[39m } [36mfrom[39m [32m"@/f
eatures/billing/components/plans-comparison"[39m[3
3m;[39m
 [90m 4 |[39m [36mimport[39m { 
[33mPricingFaq[39m } [36mfrom[39m [32m"@/featur
es/billing/components/pricing-faq"[39m[33m;[39m
[31m[1m>[22m[39m[90m 5 |[39m [36mimport[39m 
{ getPlanPurchaseFlags } [36mfrom[39m 
[32m"@/actions/feature-flags"[39m[33m;[39m
 [90m   |[39m [31m[1m^[22m[39m[31m[1m^[22m
[39m[31m[1m^[22m[39m[31m[1m^[22m[39m[31m[1
m^[22m[39m[31m[1m^[22m[39m[31m[1m^[22m[39m
[31m[1m^[22m[39m[31m[1m^[22m[39m[31m[1m^[
22m[39m[31m[1m^[22m[39m[31m[1m^[22m[39m[31
m[1m^[22m[39m[31m[1m^[22m[39m[31m[1m^[22m
[39m[31m[1m^[22m[39m[31m[1m^[22m[39m[31m[1
m^[22m[39m[31m[1m^[22m[39m[31m[1m^[22m[39m
[31m[1m^[22m[39m[31m[1m^[22m[39m[31m[1m^[
22m[39m[31m[1m^[22m[39m[31m[1m^[22m[39m[31
m[1m^[22m[39m[31m[1m^[22m[39m[31m[1m^[22m
[39m[31m[1m^[22m[39m[31m[1m^[22m[39m[31m[1
m^[22m[39m[31m[1m^[22m[39m[31m[1m^[22m[39m
[31m[1m^[22m[39m[31m[1m^[22m[39m[31m[1m^[
22m[39m[31m[1m^[22m[39m[31m[1m^[22m[39m[31
m[1m^[22m[39m[31m[1m^[22m[39m[31m[1m^[22m
[39m[31m[1m^[22m[39m[31m[1m^[22m[39m[31m[1
m^[22m[39m[31m[1m^[22m[39m[31m[1m^[22m[39m
[31m[1m^[22m[39m[31m[1m^[22m[39m[31m[1m^[
22m[39m[31m[1m^[22m[39m[31m[1m^[22m[39m[31
m[1m^[22m[39m[31m[1m^[22m[39m[31m[1m^[22m
[39m[31m[1m^[22m[39m[31m[1m^[22m[39m[31m[1
m^[22m[39m[31m[1m^[22m[39m[31m[1m^[22m[39m
[31m[1m^[22m[39m[31m[1m^[22m[39m[31m[1m^[
22m[39m[31m[1m^[22m[39m
 [90m 6 |[39m
 [90m 7 |[39m [36mexport[39m [36mdefault[39m 
[36masync[39m [36mfunction[39m 
[33mBillingPlansPage[39m() {
 [90m 8 |[39m     [36mconst[39m 
[plans[33m,[39m purchaseFlags[33m,[39m 
currentPlanId] [33m=[39m [36mawait[39m 
[33mPromise[39m[33m.[39mall([[0m

The export getPlanPurchaseFlags was not found in 
module [project]/src/actions/feature-flags.ts 
[app-rsc] (ecmascript).
Did you mean to import getFeatureFlags?
All exports of the module are statically known (It 
doesn't have dynamic exports). So it's known 
statically that the requested export doesn't exist.


./src/app/[locale]/pricing/page.tsx:7:1
Export getPlanPurchaseFlags doesn't exist in target 
module
[0m [90m  5 |[39m [36mimport[39m { 
[33mPlansComparison[39m } [36mfrom[39m [32m"@/f
eatures/billing/components/plans-comparison"[39m[3
3m;[39m
 [90m  6 |[39m [36mimport[39m { 
[33mPricingFaq[39m } [36mfrom[39m [32m"@/featur
es/billing/components/pricing-faq"[39m[33m;[39m
[31m[1m>[22m[39m[90m  7 |[39m 
[36mimport[39m { getPlanPurchaseFlags } 
[36mfrom[39m 
[32m"@/actions/feature-flags"[39m[33m;[39m
 [90m    |[39m [31m[1m^[22m[39m[31m[1m^[22m
[39m[31m[1m^[22m[39m[31m[1m^[22m[39m[31m[
1m^[22m[39m[31m[1m^[22m[39m[31m[1m^[22m[39
m[31m[1m^[22m[39m[31m[1m^[22m[39m[31m[1m^
[22m[39m[31m[1m^[22m[39m[31m[1m^[22m[39m[3
1m[1m^[22m[39m[31m[1m^[22m[39m[31m[1m^[22m
[39m[31m[1m^[22m[39m[31m[1m^[22m[39m[31m[
1m^[22m[39m[31m[1m^[22m[39m[31m[1m^[22m[39
m[31m[1m^[22m[39m[31m[1m^[22m[39m[31m[1m^
[22m[39m[31m[1m^[22m[39m[31m[1m^[22m[39m[3
1m[1m^[22m[39m[31m[1m^[22m[39m[31m[1m^[22m
[39m[31m[1m^[22m[39m[31m[1m^[22m[39m[31m[
1m^[22m[39m[31m[1m^[22m[39m[31m[1m^[22m[39
m[31m[1m^[22m[39m[31m[1m^[22m[39m[31m[1m^
[22m[39m[31m[1m^[22m[39m[31m[1m^[22m[39m[3
1m[1m^[22m[39m[31m[1m^[22m[39m[31m[1m^[22m
[39m[31m[1m^[22m[39m[31m[1m^[22m[39m[31m[
1m^[22m[39m[31m[1m^[22m[39m[31m[1m^[22m[39
m[31m[1m^[22m[39m[31m[1m^[22m[39m[31m[1m^
[22m[39m[31m[1m^[22m[39m[31m[1m^[22m[39m[3
1m[1m^[22m[39m[31m[1m^[22m[39m[31m[1m^[22m
[39m[31m[1m^[22m[39m[31m[1m^[22m[39m[31m[
1m^[22m[39m[31m[1m^[22m[39m[31m[1m^[22m[39
m[31m[1m^[22m[39m[31m[1m^[22m[39m[31m[1m^
[22m[39m[31m[1m^[22m[39m
 [90m  8 |[39m
 [90m  9 |[39m [36mexport[39m [36mdefault[39m 
[36masync[39m [36mfunction[39m 
[33mPricingPage[39m() {
 [90m 10 |[39m     [36mconst[39m { profile } 
[33m=[39m [36mawait[39m 
getUserProfile()[33m;[39m[0m

The export getPlanPurchaseFlags was not found in 
module [project]/src/actions/feature-flags.ts 
[app-rsc] (ecmascript).
Did you mean to import getFeatureFlags?
All exports of the module are statically known (It 
doesn't have dynamic exports). So it's known 
statically that the requested export doesn't exist.


    at <unknown> (./src/app/[locale]/(dashboard)/org
anization/billing/plans/page.tsx:5:1)
    at <unknown> 
(./src/app/[locale]/pricing/page.tsx:7:1)
