src/app/[locale]/(dashboard)/organization/identity/page.tsx(27,24): error TS2304: Cannot find name 'Building'.
src/components/charts/base-area-chart.tsx(96,51): error TS2322: Type '(value: number) => string' is not assignable to type 'Formatter<ValueType, NameType>'.
  Types of parameters 'value' and 'value' are incompatible.
    Type 'ValueType | undefined' is not assignable to type 'number'.
      Type 'undefined' is not assignable to type 'number'.
src/components/charts/base-bar-chart.tsx(96,51): error TS2322: Type '(value: number) => string' is not assignable to type 'Formatter<ValueType, NameType>'.
  Types of parameters 'value' and 'value' are incompatible.
    Type 'ValueType | undefined' is not assignable to type 'number'.
      Type 'undefined' is not assignable to type 'number'.
src/components/layout/page-header.tsx(85,33): error TS2769: No overload matches this call.
  The last overload gave the following error.
    Object literal may only specify known properties, and 'className' does not exist in type 'Partial<unknown> & Attributes'.
src/components/layout/page-header.tsx(85,71): error TS18046: 'icon.props' is of type 'unknown'.
src/components/shared/data-table/data-table.tsx(149,26): error TS7031: Binding element 'row' implicitly has an 'any' type.
src/components/ui/chart.tsx(115,13): error TS2339: Property 'payload' does not exist on type 'Omit<Omit<Props<ValueType, NameType>, PropertiesReadFromContext> & { active?: boolean | undefined; allowEscapeViewBox?: AllowInDimension | undefined; ... 17 more ...; wrapperStyle?: CSSProperties | undefined; } & ClassAttributes<...> & HTMLAttributes<...> & { ...; }, "ref">'.
src/components/ui/chart.tsx(120,13): error TS2339: Property 'label' does not exist on type 'Omit<Omit<Props<ValueType, NameType>, PropertiesReadFromContext> & { active?: boolean | undefined; allowEscapeViewBox?: AllowInDimension | undefined; ... 17 more ...; wrapperStyle?: CSSProperties | undefined; } & ClassAttributes<...> & HTMLAttributes<...> & { ...; }, "ref">'.
src/components/ui/chart.tsx(182,35): error TS7006: Parameter 'item' implicitly has an 'any' type.
src/components/ui/chart.tsx(182,41): error TS7006: Parameter 'index' implicitly has an 'any' type.
src/components/ui/chart.tsx(258,41): error TS2344: Type '"verticalAlign" | "payload"' does not satisfy the constraint '"string" | "d" | "k" | "r" | "x" | "y" | "z" | "id" | "filter" | "fill" | "values" | "type" | "name" | "children" | "min" | "max" | "path" | "target" | "style" | "onError" | "key" | ... 425 more ... | "onBBoxUpdate"'.
  Type '"payload"' is not assignable to type '"string" | "d" | "k" | "r" | "x" | "y" | "z" | "id" | "filter" | "fill" | "values" | "type" | "name" | "children" | "min" | "max" | "path" | "target" | "style" | "onError" | "key" | ... 425 more ... | "onBBoxUpdate"'.
src/components/ui/chart.tsx(265,19): error TS2339: Property 'length' does not exist on type '{}'.
src/components/ui/chart.tsx(278,22): error TS2339: Property 'map' does not exist on type '{}'.
src/components/ui/chart.tsx(278,27): error TS7006: Parameter 'item' implicitly has an 'any' type.
src/features/academy/components/course-card.tsx(49,29): error TS2322: Type '`${string}/${string}`' is not assignable to type '"/" | "/organization" | "/settings" | "/profile" | "/organization/projects" | "/organization/settings" | "/organization/identity" | "/organization/contacts" | "/organization/team" | ... 39 more ... | ({ ...; } & Omit<...>)'.
src/features/academy/components/course-card.tsx(76,25): error TS2322: Type '`${string}/${string}`' is not assignable to type '"/" | "/organization" | "/settings" | "/profile" | "/organization/projects" | "/organization/settings" | "/organization/identity" | "/organization/contacts" | "/organization/team" | ... 39 more ... | ({ ...; } & Omit<...>)'.
src/features/clients/components/commitment-form.tsx(45,9): error TS2322: Type 'Resolver<{ project_id: string; client_id: string; organization_id: string; amount: unknown; currency_id: string; exchange_rate?: unknown; commitment_method?: "fixed" | undefined; unit_name?: string | undefined; unit_description?: string | undefined; }, any, { ...; }>' is not assignable to type 'Resolver<{ project_id: string; client_id: string; organization_id: string; amount: number; currency_id: string; commitment_method: "fixed"; exchange_rate?: number | undefined; unit_name?: string | undefined; unit_description?: string | undefined; }, any, { ...; }>'.
  Types of parameters 'options' and 'options' are incompatible.
    Type 'ResolverOptions<{ project_id: string; client_id: string; organization_id: string; amount: number; currency_id: string; commitment_method: "fixed"; exchange_rate?: number | undefined; unit_name?: string | undefined; unit_description?: string | undefined; }>' is not assignable to type 'ResolverOptions<{ project_id: string; client_id: string; organization_id: string; amount: unknown; currency_id: string; exchange_rate?: unknown; commitment_method?: "fixed" | undefined; unit_name?: string | undefined; unit_description?: string | undefined; }>'.
      Type 'unknown' is not assignable to type 'number'.
src/features/clients/components/commitment-form.tsx(67,46): error TS2345: Argument of type '{ project_id: string; client_id: string; organization_id: string; amount: number; currency_id: string; commitment_method: "fixed"; exchange_rate?: number | undefined; unit_name?: string | undefined; unit_description?: string | undefined; }' is not assignable to parameter of type '{ project_id: string; client_id: string; organization_id: string; amount: number; currency_id: string; exchange_rate: number; commitment_method: "fixed"; unit_name?: string | undefined; unit_description?: string | undefined; }'.
  Types of property 'exchange_rate' are incompatible.
    Type 'number | undefined' is not assignable to type 'number'.
      Type 'undefined' is not assignable to type 'number'.
src/features/clients/components/commitment-form.tsx(80,47): error TS2345: Argument of type '(values: z.infer<typeof commitmentFormSchema>) => void' is not assignable to parameter of type 'SubmitHandler<TFieldValues>'.
  Types of parameters 'values' and 'data' are incompatible.
    Type 'TFieldValues' is not assignable to type '{ project_id: string; client_id: string; organization_id: string; amount: number; currency_id: string; commitment_method: "fixed"; exchange_rate?: number | undefined; unit_name?: string | undefined; unit_description?: string | undefined; }'.
      Type 'FieldValues' is missing the following properties from type '{ project_id: string; client_id: string; organization_id: string; amount: number; currency_id: string; commitment_method: "fixed"; exchange_rate?: number | undefined; unit_name?: string | undefined; unit_description?: string | undefined; }': project_id, client_id, organization_id, amount, and 2 more.
src/features/clients/components/commitment-form.tsx(84,25): error TS2322: Type 'Control<{ project_id: string; client_id: string; organization_id: string; amount: number; currency_id: string; commitment_method: "fixed"; exchange_rate?: number | undefined; unit_name?: string | undefined; unit_description?: string | undefined; }, any, TFieldValues>' is not assignable to type 'Control<{ project_id: string; client_id: string; organization_id: string; amount: number; currency_id: string; commitment_method: "fixed"; exchange_rate?: number | undefined; unit_name?: string | undefined; unit_description?: string | undefined; }, any, { ...; }>'.
  The types of '_options.resolver' are incompatible between these types.
    Type 'Resolver<{ project_id: string; client_id: string; organization_id: string; amount: number; currency_id: string; commitment_method: "fixed"; exchange_rate?: number | undefined; unit_name?: string | undefined; unit_description?: string | undefined; }, any, TFieldValues> | undefined' is not assignable to type 'Resolver<{ project_id: string; client_id: string; organization_id: string; amount: number; currency_id: string; commitment_method: "fixed"; exchange_rate?: number | undefined; unit_name?: string | undefined; unit_description?: string | undefined; }, any, { ...; }> | undefined'.
      Type 'Resolver<{ project_id: string; client_id: string; organization_id: string; amount: number; currency_id: string; commitment_method: "fixed"; exchange_rate?: number | undefined; unit_name?: string | undefined; unit_description?: string | undefined; }, any, TFieldValues>' is not assignable to type 'Resolver<{ project_id: string; client_id: string; organization_id: string; amount: number; currency_id: string; commitment_method: "fixed"; exchange_rate?: number | undefined; unit_name?: string | undefined; unit_description?: string | undefined; }, any, { ...; }>'.
        Type 'ResolverResult<{ project_id: string; client_id: string; organization_id: string; amount: number; currency_id: string; commitment_method: "fixed"; exchange_rate?: number | undefined; unit_name?: string | undefined; unit_description?: string | undefined; }, TFieldValues> | Promise<...>' is not assignable to type 'ResolverResult<{ project_id: string; client_id: string; organization_id: string; amount: number; currency_id: string; commitment_method: "fixed"; exchange_rate?: number | undefined; unit_name?: string | undefined; unit_description?: string | undefined; }, { ...; }> | Promise<...>'.
          Type 'ResolverSuccess<TFieldValues>' is not assignable to type 'ResolverResult<{ project_id: string; client_id: string; organization_id: string; amount: number; currency_id: string; commitment_method: "fixed"; exchange_rate?: number | undefined; unit_name?: string | undefined; unit_description?: string | undefined; }, { ...; }> | Promise<...>'.
            Type 'ResolverSuccess<TFieldValues>' is not assignable to type 'ResolverSuccess<{ project_id: string; client_id: string; organization_id: string; amount: number; currency_id: string; commitment_method: "fixed"; exchange_rate?: number | undefined; unit_name?: string | undefined; unit_description?: string | undefined; }>'.
              Type 'TFieldValues' is not assignable to type '{ project_id: string; client_id: string; organization_id: string; amount: number; currency_id: string; commitment_method: "fixed"; exchange_rate?: number | undefined; unit_name?: string | undefined; unit_description?: string | undefined; }'.
                Type 'FieldValues' is missing the following properties from type '{ project_id: string; client_id: string; organization_id: string; amount: number; currency_id: string; commitment_method: "fixed"; exchange_rate?: number | undefined; unit_name?: string | undefined; unit_description?: string | undefined; }': project_id, client_id, organization_id, amount, and 2 more.
src/features/clients/components/commitment-form.tsx(123,25): error TS2322: Type 'Control<{ project_id: string; client_id: string; organization_id: string; amount: number; currency_id: string; commitment_method: "fixed"; exchange_rate?: number | undefined; unit_name?: string | undefined; unit_description?: string | undefined; }, any, TFieldValues>' is not assignable to type 'Control<{ project_id: string; client_id: string; organization_id: string; amount: number; currency_id: string; commitment_method: "fixed"; exchange_rate?: number | undefined; unit_name?: string | undefined; unit_description?: string | undefined; }, any, { ...; }>'.
  The types of '_options.resolver' are incompatible between these types.
    Type 'Resolver<{ project_id: string; client_id: string; organization_id: string; amount: number; currency_id: string; commitment_method: "fixed"; exchange_rate?: number | undefined; unit_name?: string | undefined; unit_description?: string | undefined; }, any, TFieldValues> | undefined' is not assignable to type 'Resolver<{ project_id: string; client_id: string; organization_id: string; amount: number; currency_id: string; commitment_method: "fixed"; exchange_rate?: number | undefined; unit_name?: string | undefined; unit_description?: string | undefined; }, any, { ...; }> | undefined'.
      Type 'Resolver<{ project_id: string; client_id: string; organization_id: string; amount: number; currency_id: string; commitment_method: "fixed"; exchange_rate?: number | undefined; unit_name?: string | undefined; unit_description?: string | undefined; }, any, TFieldValues>' is not assignable to type 'Resolver<{ project_id: string; client_id: string; organization_id: string; amount: number; currency_id: string; commitment_method: "fixed"; exchange_rate?: number | undefined; unit_name?: string | undefined; unit_description?: string | undefined; }, any, { ...; }>'.
        Type 'ResolverResult<{ project_id: string; client_id: string; organization_id: string; amount: number; currency_id: string; commitment_method: "fixed"; exchange_rate?: number | undefined; unit_name?: string | undefined; unit_description?: string | undefined; }, TFieldValues> | Promise<...>' is not assignable to type 'ResolverResult<{ project_id: string; client_id: string; organization_id: string; amount: number; currency_id: string; commitment_method: "fixed"; exchange_rate?: number | undefined; unit_name?: string | undefined; unit_description?: string | undefined; }, { ...; }> | Promise<...>'.
          Type 'ResolverSuccess<TFieldValues>' is not assignable to type 'ResolverResult<{ project_id: string; client_id: string; organization_id: string; amount: number; currency_id: string; commitment_method: "fixed"; exchange_rate?: number | undefined; unit_name?: string | undefined; unit_description?: string | undefined; }, { ...; }> | Promise<...>'.
            Type 'ResolverSuccess<TFieldValues>' is not assignable to type 'ResolverSuccess<{ project_id: string; client_id: string; organization_id: string; amount: number; currency_id: string; commitment_method: "fixed"; exchange_rate?: number | undefined; unit_name?: string | undefined; unit_description?: string | undefined; }>'.
              Type 'TFieldValues' is not assignable to type '{ project_id: string; client_id: string; organization_id: string; amount: number; currency_id: string; commitment_method: "fixed"; exchange_rate?: number | undefined; unit_name?: string | undefined; unit_description?: string | undefined; }'.
                Type 'FieldValues' is missing the following properties from type '{ project_id: string; client_id: string; organization_id: string; amount: number; currency_id: string; commitment_method: "fixed"; exchange_rate?: number | undefined; unit_name?: string | undefined; unit_description?: string | undefined; }': project_id, client_id, organization_id, amount, and 2 more.
src/features/clients/components/commitment-form.tsx(134,25): error TS2322: Type 'Control<{ project_id: string; client_id: string; organization_id: string; amount: number; currency_id: string; commitment_method: "fixed"; exchange_rate?: number | undefined; unit_name?: string | undefined; unit_description?: string | undefined; }, any, TFieldValues>' is not assignable to type 'Control<{ project_id: string; client_id: string; organization_id: string; amount: number; currency_id: string; commitment_method: "fixed"; exchange_rate?: number | undefined; unit_name?: string | undefined; unit_description?: string | undefined; }, any, { ...; }>'.
  The types of '_options.resolver' are incompatible between these types.
    Type 'Resolver<{ project_id: string; client_id: string; organization_id: string; amount: number; currency_id: string; commitment_method: "fixed"; exchange_rate?: number | undefined; unit_name?: string | undefined; unit_description?: string | undefined; }, any, TFieldValues> | undefined' is not assignable to type 'Resolver<{ project_id: string; client_id: string; organization_id: string; amount: number; currency_id: string; commitment_method: "fixed"; exchange_rate?: number | undefined; unit_name?: string | undefined; unit_description?: string | undefined; }, any, { ...; }> | undefined'.
      Type 'Resolver<{ project_id: string; client_id: string; organization_id: string; amount: number; currency_id: string; commitment_method: "fixed"; exchange_rate?: number | undefined; unit_name?: string | undefined; unit_description?: string | undefined; }, any, TFieldValues>' is not assignable to type 'Resolver<{ project_id: string; client_id: string; organization_id: string; amount: number; currency_id: string; commitment_method: "fixed"; exchange_rate?: number | undefined; unit_name?: string | undefined; unit_description?: string | undefined; }, any, { ...; }>'.
        Type 'ResolverResult<{ project_id: string; client_id: string; organization_id: string; amount: number; currency_id: string; commitment_method: "fixed"; exchange_rate?: number | undefined; unit_name?: string | undefined; unit_description?: string | undefined; }, TFieldValues> | Promise<...>' is not assignable to type 'ResolverResult<{ project_id: string; client_id: string; organization_id: string; amount: number; currency_id: string; commitment_method: "fixed"; exchange_rate?: number | undefined; unit_name?: string | undefined; unit_description?: string | undefined; }, { ...; }> | Promise<...>'.
          Type 'ResolverSuccess<TFieldValues>' is not assignable to type 'ResolverResult<{ project_id: string; client_id: string; organization_id: string; amount: number; currency_id: string; commitment_method: "fixed"; exchange_rate?: number | undefined; unit_name?: string | undefined; unit_description?: string | undefined; }, { ...; }> | Promise<...>'.
            Type 'ResolverSuccess<TFieldValues>' is not assignable to type 'ResolverSuccess<{ project_id: string; client_id: string; organization_id: string; amount: number; currency_id: string; commitment_method: "fixed"; exchange_rate?: number | undefined; unit_name?: string | undefined; unit_description?: string | undefined; }>'.
              Type 'TFieldValues' is not assignable to type '{ project_id: string; client_id: string; organization_id: string; amount: number; currency_id: string; commitment_method: "fixed"; exchange_rate?: number | undefined; unit_name?: string | undefined; unit_description?: string | undefined; }'.
                Type 'FieldValues' is missing the following properties from type '{ project_id: string; client_id: string; organization_id: string; amount: number; currency_id: string; commitment_method: "fixed"; exchange_rate?: number | undefined; unit_name?: string | undefined; unit_description?: string | undefined; }': project_id, client_id, organization_id, amount, and 2 more.
src/features/clients/components/commitment-form.tsx(146,29): error TS2322: Type 'Control<{ project_id: string; client_id: string; organization_id: string; amount: number; currency_id: string; commitment_method: "fixed"; exchange_rate?: number | undefined; unit_name?: string | undefined; unit_description?: string | undefined; }, any, TFieldValues>' is not assignable to type 'Control<{ project_id: string; client_id: string; organization_id: string; amount: number; currency_id: string; commitment_method: "fixed"; exchange_rate?: number | undefined; unit_name?: string | undefined; unit_description?: string | undefined; }, any, { ...; }>'.
  The types of '_options.resolver' are incompatible between these types.
    Type 'Resolver<{ project_id: string; client_id: string; organization_id: string; amount: number; currency_id: string; commitment_method: "fixed"; exchange_rate?: number | undefined; unit_name?: string | undefined; unit_description?: string | undefined; }, any, TFieldValues> | undefined' is not assignable to type 'Resolver<{ project_id: string; client_id: string; organization_id: string; amount: number; currency_id: string; commitment_method: "fixed"; exchange_rate?: number | undefined; unit_name?: string | undefined; unit_description?: string | undefined; }, any, { ...; }> | undefined'.
      Type 'Resolver<{ project_id: string; client_id: string; organization_id: string; amount: number; currency_id: string; commitment_method: "fixed"; exchange_rate?: number | undefined; unit_name?: string | undefined; unit_description?: string | undefined; }, any, TFieldValues>' is not assignable to type 'Resolver<{ project_id: string; client_id: string; organization_id: string; amount: number; currency_id: string; commitment_method: "fixed"; exchange_rate?: number | undefined; unit_name?: string | undefined; unit_description?: string | undefined; }, any, { ...; }>'.
        Type 'ResolverResult<{ project_id: string; client_id: string; organization_id: string; amount: number; currency_id: string; commitment_method: "fixed"; exchange_rate?: number | undefined; unit_name?: string | undefined; unit_description?: string | undefined; }, TFieldValues> | Promise<...>' is not assignable to type 'ResolverResult<{ project_id: string; client_id: string; organization_id: string; amount: number; currency_id: string; commitment_method: "fixed"; exchange_rate?: number | undefined; unit_name?: string | undefined; unit_description?: string | undefined; }, { ...; }> | Promise<...>'.
          Type 'ResolverSuccess<TFieldValues>' is not assignable to type 'ResolverResult<{ project_id: string; client_id: string; organization_id: string; amount: number; currency_id: string; commitment_method: "fixed"; exchange_rate?: number | undefined; unit_name?: string | undefined; unit_description?: string | undefined; }, { ...; }> | Promise<...>'.
            Type 'ResolverSuccess<TFieldValues>' is not assignable to type 'ResolverSuccess<{ project_id: string; client_id: string; organization_id: string; amount: number; currency_id: string; commitment_method: "fixed"; exchange_rate?: number | undefined; unit_name?: string | undefined; unit_description?: string | undefined; }>'.
              Type 'TFieldValues' is not assignable to type '{ project_id: string; client_id: string; organization_id: string; amount: number; currency_id: string; commitment_method: "fixed"; exchange_rate?: number | undefined; unit_name?: string | undefined; unit_description?: string | undefined; }'.
                Type 'FieldValues' is missing the following properties from type '{ project_id: string; client_id: string; organization_id: string; amount: number; currency_id: string; commitment_method: "fixed"; exchange_rate?: number | undefined; unit_name?: string | undefined; unit_description?: string | undefined; }': project_id, client_id, organization_id, amount, and 2 more.
src/features/clients/components/commitment-form.tsx(168,29): error TS2322: Type 'Control<{ project_id: string; client_id: string; organization_id: string; amount: number; currency_id: string; commitment_method: "fixed"; exchange_rate?: number | undefined; unit_name?: string | undefined; unit_description?: string | undefined; }, any, TFieldValues>' is not assignable to type 'Control<{ project_id: string; client_id: string; organization_id: string; amount: number; currency_id: string; commitment_method: "fixed"; exchange_rate?: number | undefined; unit_name?: string | undefined; unit_description?: string | undefined; }, any, { ...; }>'.
  The types of '_options.resolver' are incompatible between these types.
    Type 'Resolver<{ project_id: string; client_id: string; organization_id: string; amount: number; currency_id: string; commitment_method: "fixed"; exchange_rate?: number | undefined; unit_name?: string | undefined; unit_description?: string | undefined; }, any, TFieldValues> | undefined' is not assignable to type 'Resolver<{ project_id: string; client_id: string; organization_id: string; amount: number; currency_id: string; commitment_method: "fixed"; exchange_rate?: number | undefined; unit_name?: string | undefined; unit_description?: string | undefined; }, any, { ...; }> | undefined'.
      Type 'Resolver<{ project_id: string; client_id: string; organization_id: string; amount: number; currency_id: string; commitment_method: "fixed"; exchange_rate?: number | undefined; unit_name?: string | undefined; unit_description?: string | undefined; }, any, TFieldValues>' is not assignable to type 'Resolver<{ project_id: string; client_id: string; organization_id: string; amount: number; currency_id: string; commitment_method: "fixed"; exchange_rate?: number | undefined; unit_name?: string | undefined; unit_description?: string | undefined; }, any, { ...; }>'.
        Type 'ResolverResult<{ project_id: string; client_id: string; organization_id: string; amount: number; currency_id: string; commitment_method: "fixed"; exchange_rate?: number | undefined; unit_name?: string | undefined; unit_description?: string | undefined; }, TFieldValues> | Promise<...>' is not assignable to type 'ResolverResult<{ project_id: string; client_id: string; organization_id: string; amount: number; currency_id: string; commitment_method: "fixed"; exchange_rate?: number | undefined; unit_name?: string | undefined; unit_description?: string | undefined; }, { ...; }> | Promise<...>'.
          Type 'ResolverSuccess<TFieldValues>' is not assignable to type 'ResolverResult<{ project_id: string; client_id: string; organization_id: string; amount: number; currency_id: string; commitment_method: "fixed"; exchange_rate?: number | undefined; unit_name?: string | undefined; unit_description?: string | undefined; }, { ...; }> | Promise<...>'.
            Type 'ResolverSuccess<TFieldValues>' is not assignable to type 'ResolverSuccess<{ project_id: string; client_id: string; organization_id: string; amount: number; currency_id: string; commitment_method: "fixed"; exchange_rate?: number | undefined; unit_name?: string | undefined; unit_description?: string | undefined; }>'.
              Type 'TFieldValues' is not assignable to type '{ project_id: string; client_id: string; organization_id: string; amount: number; currency_id: string; commitment_method: "fixed"; exchange_rate?: number | undefined; unit_name?: string | undefined; unit_description?: string | undefined; }'.
                Type 'FieldValues' is missing the following properties from type '{ project_id: string; client_id: string; organization_id: string; amount: number; currency_id: string; commitment_method: "fixed"; exchange_rate?: number | undefined; unit_name?: string | undefined; unit_description?: string | undefined; }': project_id, client_id, organization_id, amount, and 2 more.
src/features/clients/components/commitment-form.tsx(180,25): error TS2322: Type 'Control<{ project_id: string; client_id: string; organization_id: string; amount: number; currency_id: string; commitment_method: "fixed"; exchange_rate?: number | undefined; unit_name?: string | undefined; unit_description?: string | undefined; }, any, TFieldValues>' is not assignable to type 'Control<{ project_id: string; client_id: string; organization_id: string; amount: number; currency_id: string; commitment_method: "fixed"; exchange_rate?: number | undefined; unit_name?: string | undefined; unit_description?: string | undefined; }, any, { ...; }>'.
  The types of '_options.resolver' are incompatible between these types.
    Type 'Resolver<{ project_id: string; client_id: string; organization_id: string; amount: number; currency_id: string; commitment_method: "fixed"; exchange_rate?: number | undefined; unit_name?: string | undefined; unit_description?: string | undefined; }, any, TFieldValues> | undefined' is not assignable to type 'Resolver<{ project_id: string; client_id: string; organization_id: string; amount: number; currency_id: string; commitment_method: "fixed"; exchange_rate?: number | undefined; unit_name?: string | undefined; unit_description?: string | undefined; }, any, { ...; }> | undefined'.
      Type 'Resolver<{ project_id: string; client_id: string; organization_id: string; amount: number; currency_id: string; commitment_method: "fixed"; exchange_rate?: number | undefined; unit_name?: string | undefined; unit_description?: string | undefined; }, any, TFieldValues>' is not assignable to type 'Resolver<{ project_id: string; client_id: string; organization_id: string; amount: number; currency_id: string; commitment_method: "fixed"; exchange_rate?: number | undefined; unit_name?: string | undefined; unit_description?: string | undefined; }, any, { ...; }>'.
        Type 'ResolverResult<{ project_id: string; client_id: string; organization_id: string; amount: number; currency_id: string; commitment_method: "fixed"; exchange_rate?: number | undefined; unit_name?: string | undefined; unit_description?: string | undefined; }, TFieldValues> | Promise<...>' is not assignable to type 'ResolverResult<{ project_id: string; client_id: string; organization_id: string; amount: number; currency_id: string; commitment_method: "fixed"; exchange_rate?: number | undefined; unit_name?: string | undefined; unit_description?: string | undefined; }, { ...; }> | Promise<...>'.
          Type 'ResolverSuccess<TFieldValues>' is not assignable to type 'ResolverResult<{ project_id: string; client_id: string; organization_id: string; amount: number; currency_id: string; commitment_method: "fixed"; exchange_rate?: number | undefined; unit_name?: string | undefined; unit_description?: string | undefined; }, { ...; }> | Promise<...>'.
            Type 'ResolverSuccess<TFieldValues>' is not assignable to type 'ResolverSuccess<{ project_id: string; client_id: string; organization_id: string; amount: number; currency_id: string; commitment_method: "fixed"; exchange_rate?: number | undefined; unit_name?: string | undefined; unit_description?: string | undefined; }>'.
              Type 'TFieldValues' is not assignable to type '{ project_id: string; client_id: string; organization_id: string; amount: number; currency_id: string; commitment_method: "fixed"; exchange_rate?: number | undefined; unit_name?: string | undefined; unit_description?: string | undefined; }'.
                Type 'FieldValues' is missing the following properties from type '{ project_id: string; client_id: string; organization_id: string; amount: number; currency_id: string; commitment_method: "fixed"; exchange_rate?: number | undefined; unit_name?: string | undefined; unit_description?: string | undefined; }': project_id, client_id, organization_id, amount, and 2 more.
src/features/clients/components/commitment-form.tsx(200,25): error TS2322: Type 'Control<{ project_id: string; client_id: string; organization_id: string; amount: number; currency_id: string; commitment_method: "fixed"; exchange_rate?: number | undefined; unit_name?: string | undefined; unit_description?: string | undefined; }, any, TFieldValues>' is not assignable to type 'Control<{ project_id: string; client_id: string; organization_id: string; amount: number; currency_id: string; commitment_method: "fixed"; exchange_rate?: number | undefined; unit_name?: string | undefined; unit_description?: string | undefined; }, any, { ...; }>'.
  The types of '_options.resolver' are incompatible between these types.
    Type 'Resolver<{ project_id: string; client_id: string; organization_id: string; amount: number; currency_id: string; commitment_method: "fixed"; exchange_rate?: number | undefined; unit_name?: string | undefined; unit_description?: string | undefined; }, any, TFieldValues> | undefined' is not assignable to type 'Resolver<{ project_id: string; client_id: string; organization_id: string; amount: number; currency_id: string; commitment_method: "fixed"; exchange_rate?: number | undefined; unit_name?: string | undefined; unit_description?: string | undefined; }, any, { ...; }> | undefined'.
      Type 'Resolver<{ project_id: string; client_id: string; organization_id: string; amount: number; currency_id: string; commitment_method: "fixed"; exchange_rate?: number | undefined; unit_name?: string | undefined; unit_description?: string | undefined; }, any, TFieldValues>' is not assignable to type 'Resolver<{ project_id: string; client_id: string; organization_id: string; amount: number; currency_id: string; commitment_method: "fixed"; exchange_rate?: number | undefined; unit_name?: string | undefined; unit_description?: string | undefined; }, any, { ...; }>'.
        Type 'ResolverResult<{ project_id: string; client_id: string; organization_id: string; amount: number; currency_id: string; commitment_method: "fixed"; exchange_rate?: number | undefined; unit_name?: string | undefined; unit_description?: string | undefined; }, TFieldValues> | Promise<...>' is not assignable to type 'ResolverResult<{ project_id: string; client_id: string; organization_id: string; amount: number; currency_id: string; commitment_method: "fixed"; exchange_rate?: number | undefined; unit_name?: string | undefined; unit_description?: string | undefined; }, { ...; }> | Promise<...>'.
          Type 'ResolverSuccess<TFieldValues>' is not assignable to type 'ResolverResult<{ project_id: string; client_id: string; organization_id: string; amount: number; currency_id: string; commitment_method: "fixed"; exchange_rate?: number | undefined; unit_name?: string | undefined; unit_description?: string | undefined; }, { ...; }> | Promise<...>'.
            Type 'ResolverSuccess<TFieldValues>' is not assignable to type 'ResolverSuccess<{ project_id: string; client_id: string; organization_id: string; amount: number; currency_id: string; commitment_method: "fixed"; exchange_rate?: number | undefined; unit_name?: string | undefined; unit_description?: string | undefined; }>'.
              Type 'TFieldValues' is not assignable to type '{ project_id: string; client_id: string; organization_id: string; amount: number; currency_id: string; commitment_method: "fixed"; exchange_rate?: number | undefined; unit_name?: string | undefined; unit_description?: string | undefined; }'.
                Type 'FieldValues' is missing the following properties from type '{ project_id: string; client_id: string; organization_id: string; amount: number; currency_id: string; commitment_method: "fixed"; exchange_rate?: number | undefined; unit_name?: string | undefined; unit_description?: string | undefined; }': project_id, client_id, organization_id, amount, and 2 more.
src/features/finance/components/dashboard-tab.tsx(31,25): error TS2322: Type '({ title, value, icon, trend, className, iconClassName, description, ...props }: DashboardKpiCardProps) => Element' is not assignable to type 'ReactNode'.
src/features/projects/components/project-actions.tsx(3,29): error TS2307: Cannot find module '@/features/projects/components/ProjectForm' or its corresponding type declarations.
