src/app/[locale]/(dashboard)/admin/audit-logs/page.tsx(11,22): error TS2322: Type '{ children: Element; type: string; title: string; icon: Element; }' is not assignable to type 'IntrinsicAttributes & PageWrapperProps'.
  Property 'type' does not exist on type 'IntrinsicAttributes & PageWrapperProps'.
src/app/[locale]/(dashboard)/admin/billing/page.tsx(6,22): error TS2322: Type '{ children: Element; type: string; title: string; }' is not assignable to type 'IntrinsicAttributes & PageWrapperProps'.
  Property 'type' does not exist on type 'IntrinsicAttributes & PageWrapperProps'.
src/app/[locale]/(dashboard)/admin/catalog/division/[divisionId]/page.tsx(85,21): error TS2322: Type '{ children: Element[]; type: string; title: any; icon: Element; backButton: Element; tabs: Element; }' is not assignable to type 'IntrinsicAttributes & PageWrapperProps'.
  Property 'type' does not exist on type 'IntrinsicAttributes & PageWrapperProps'.
src/app/[locale]/(dashboard)/admin/catalog/element/[elementId]/page.tsx(75,21): error TS2322: Type '{ children: Element[]; type: string; title: any; icon: Element; backButton: Element; tabs: Element; }' is not assignable to type 'IntrinsicAttributes & PageWrapperProps'.
  Property 'type' does not exist on type 'IntrinsicAttributes & PageWrapperProps'.
src/app/[locale]/(dashboard)/admin/catalog/page.tsx(97,21): error TS2322: Type '{ children: Element[]; type: string; title: string; icon: Element; actions: Element; tabs: Element; }' is not assignable to type 'IntrinsicAttributes & PageWrapperProps'.
  Property 'type' does not exist on type 'IntrinsicAttributes & PageWrapperProps'.
src/app/[locale]/(dashboard)/admin/catalog/task/[taskId]/page.tsx(98,21): error TS2322: Type '{ children: Element[]; type: string; title: string; backButton: Element; tabs: Element; }' is not assignable to type 'IntrinsicAttributes & PageWrapperProps'.
  Property 'type' does not exist on type 'IntrinsicAttributes & PageWrapperProps'.
src/app/[locale]/(dashboard)/admin/changelog/page.tsx(21,13): error TS2322: Type '{ children: Element; type: string; title: string; icon: Element; actions: Element; }' is not assignable to type 'IntrinsicAttributes & PageWrapperProps'.
  Property 'type' does not exist on type 'IntrinsicAttributes & PageWrapperProps'.
src/app/[locale]/(dashboard)/admin/directory/[userId]/page.tsx(38,21): error TS2322: Type '{ children: Element[]; type: string; title: string; icon: Element; backButton: Element; tabs: Element; }' is not assignable to type 'IntrinsicAttributes & PageWrapperProps'.
  Property 'type' does not exist on type 'IntrinsicAttributes & PageWrapperProps'.
src/app/[locale]/(dashboard)/admin/directory/organizations/[orgId]/page.tsx(40,21): error TS2322: Type '{ children: Element[]; type: string; title: string; icon: Element; backButton: Element; tabs: Element; }' is not assignable to type 'IntrinsicAttributes & PageWrapperProps'.
  Property 'type' does not exist on type 'IntrinsicAttributes & PageWrapperProps'.
src/app/[locale]/(dashboard)/admin/directory/page.tsx(30,21): error TS2322: Type '{ children: Element[]; type: string; title: string; icon: Element; tabs: Element; }' is not assignable to type 'IntrinsicAttributes & PageWrapperProps'.
  Property 'type' does not exist on type 'IntrinsicAttributes & PageWrapperProps'.
src/app/[locale]/(dashboard)/admin/emails/page.tsx(19,17): error TS2322: Type '{ children: Element; type: string; title: string; icon: Element; tabs: Element; }' is not assignable to type 'IntrinsicAttributes & PageWrapperProps'.
  Property 'type' does not exist on type 'IntrinsicAttributes & PageWrapperProps'.
src/app/[locale]/(dashboard)/admin/feedback/page.tsx(40,22): error TS2322: Type '{ children: Element; type: string; title: string; }' is not assignable to type 'IntrinsicAttributes & PageWrapperProps'.
  Property 'type' does not exist on type 'IntrinsicAttributes & PageWrapperProps'.
src/app/[locale]/(dashboard)/admin/finance/page.tsx(41,21): error TS2322: Type '{ children: Element; type: string; title: string; icon: Element; tabs: Element; }' is not assignable to type 'IntrinsicAttributes & PageWrapperProps'.
  Property 'type' does not exist on type 'IntrinsicAttributes & PageWrapperProps'.
src/app/[locale]/(dashboard)/admin/hub-content/page.tsx(27,17): error TS2322: Type '{ children: Element[]; type: string; title: string; icon: Element; tabs: Element; }' is not assignable to type 'IntrinsicAttributes & PageWrapperProps'.
  Property 'type' does not exist on type 'IntrinsicAttributes & PageWrapperProps'.
src/app/[locale]/(dashboard)/admin/organizations/page.tsx(6,22): error TS2322: Type '{ children: Element; type: string; title: string; }' is not assignable to type 'IntrinsicAttributes & PageWrapperProps'.
  Property 'type' does not exist on type 'IntrinsicAttributes & PageWrapperProps'.
src/app/[locale]/(dashboard)/admin/page.tsx(32,17): error TS2322: Type '{ children: Element[]; type: string; title: string; icon: Element; tabs: Element; }' is not assignable to type 'IntrinsicAttributes & PageWrapperProps'.
  Property 'type' does not exist on type 'IntrinsicAttributes & PageWrapperProps'.
src/app/[locale]/(dashboard)/admin/recursos/page.tsx(92,21): error TS2322: Type '{ children: Element[]; type: string; title: string; icon: Element; actions: Element; tabs: Element; }' is not assignable to type 'IntrinsicAttributes & PageWrapperProps'.
  Property 'type' does not exist on type 'IntrinsicAttributes & PageWrapperProps'.
src/app/[locale]/(dashboard)/admin/settings/page.tsx(11,17): error TS2322: Type '{ children: Element; type: string; title: string; icon: Element; tabs: Element; }' is not assignable to type 'IntrinsicAttributes & PageWrapperProps'.
  Property 'type' does not exist on type 'IntrinsicAttributes & PageWrapperProps'.
src/app/[locale]/(dashboard)/admin/support/page.tsx(47,17): error TS2322: Type '{ children: Element[]; type: string; title: string; icon: Element; tabs: Element; }' is not assignable to type 'IntrinsicAttributes & PageWrapperProps'.
  Property 'type' does not exist on type 'IntrinsicAttributes & PageWrapperProps'.
src/app/[locale]/(dashboard)/admin/system/page.tsx(19,17): error TS2322: Type '{ children: Element[]; type: string; title: string; icon: Element; tabs: Element; }' is not assignable to type 'IntrinsicAttributes & PageWrapperProps'.
  Property 'type' does not exist on type 'IntrinsicAttributes & PageWrapperProps'.
src/app/[locale]/(dashboard)/admin/users/page.tsx(6,22): error TS2322: Type '{ children: Element; type: string; title: string; }' is not assignable to type 'IntrinsicAttributes & PageWrapperProps'.
  Property 'type' does not exist on type 'IntrinsicAttributes & PageWrapperProps'.
src/app/[locale]/(dashboard)/checkout/page.tsx(137,13): error TS2322: Type '{ children: Element; type: string; title: string; icon: Element; }' is not assignable to type 'IntrinsicAttributes & PageWrapperProps'.
  Property 'type' does not exist on type 'IntrinsicAttributes & PageWrapperProps'.
src/app/[locale]/(dashboard)/community/founders/page.tsx(19,13): error TS2322: Type '{ children: Element; type: string; title: string; icon: Element; }' is not assignable to type 'IntrinsicAttributes & PageWrapperProps'.
  Property 'type' does not exist on type 'IntrinsicAttributes & PageWrapperProps'.
src/app/[locale]/(dashboard)/hub/page.tsx(45,22): error TS2322: Type '{ children: Element; type: string; title: string; icon: Element; }' is not assignable to type 'IntrinsicAttributes & PageWrapperProps'.
  Property 'type' does not exist on type 'IntrinsicAttributes & PageWrapperProps'.
src/app/[locale]/(dashboard)/notifications/page.tsx(41,17): error TS2322: Type '{ children: Element; type: string; title: string; icon: Element; }' is not assignable to type 'IntrinsicAttributes & PageWrapperProps'.
  Property 'type' does not exist on type 'IntrinsicAttributes & PageWrapperProps'.
src/app/[locale]/(dashboard)/organization/catalog/layout.tsx(14,13): error TS2322: Type '{ children: ReactNode; type: string; title: string; icon: Element; }' is not assignable to type 'IntrinsicAttributes & PageWrapperProps'.
  Property 'type' does not exist on type 'IntrinsicAttributes & PageWrapperProps'.
src/app/[locale]/(dashboard)/organization/catalog/task/[taskId]/page.tsx(96,21): error TS2322: Type '{ children: Element[]; type: string; title: string; backButton: Element; parentLabel: string; }' is not assignable to type 'IntrinsicAttributes & PageWrapperProps'.
  Property 'type' does not exist on type 'IntrinsicAttributes & PageWrapperProps'.
src/app/[locale]/(dashboard)/organization/clients/page.tsx(100,21): error TS2322: Type '{ children: Element[]; type: string; title: string; tabs: Element; icon: Element; }' is not assignable to type 'IntrinsicAttributes & PageWrapperProps'.
  Property 'type' does not exist on type 'IntrinsicAttributes & PageWrapperProps'.
src/app/[locale]/(dashboard)/organization/construction-tasks/page.tsx(96,21): error TS2322: Type '{ children: (false | Element)[]; type: string; title: string; icon: Element; tabs: Element; }' is not assignable to type 'IntrinsicAttributes & PageWrapperProps'.
  Property 'type' does not exist on type 'IntrinsicAttributes & PageWrapperProps'.
src/app/[locale]/(dashboard)/organization/external/client/page.tsx(29,17): error TS2322: Type '{ children: Element; type: string; title: string; icon: Element; }' is not assignable to type 'IntrinsicAttributes & PageWrapperProps'.
  Property 'type' does not exist on type 'IntrinsicAttributes & PageWrapperProps'.
src/app/[locale]/(dashboard)/organization/finance/page.tsx(156,26): error TS2322: Type '{ children: Element; type: string; title: string; icon: Element; }' is not assignable to type 'IntrinsicAttributes & PageWrapperProps'.
  Property 'type' does not exist on type 'IntrinsicAttributes & PageWrapperProps'.
src/app/[locale]/(dashboard)/organization/finance/page.tsx(186,17): error TS2322: Type '{ children: Element[]; type: string; title: string; icon: Element; tabs: Element; }' is not assignable to type 'IntrinsicAttributes & PageWrapperProps'.
  Property 'type' does not exist on type 'IntrinsicAttributes & PageWrapperProps'.
src/app/[locale]/(dashboard)/organization/general-costs/layout.tsx(22,13): error TS2322: Type '{ children: Element; type: string; title: string; icon: Element; }' is not assignable to type 'IntrinsicAttributes & PageWrapperProps'.
  Property 'type' does not exist on type 'IntrinsicAttributes & PageWrapperProps'.
src/app/[locale]/(dashboard)/organization/health/page.tsx(24,22): error TS2322: Type '{ children: Element; type: string; title: string; icon: Element; }' is not assignable to type 'IntrinsicAttributes & PageWrapperProps'.
  Property 'type' does not exist on type 'IntrinsicAttributes & PageWrapperProps'.
src/app/[locale]/(dashboard)/organization/labor/page.tsx(101,21): error TS2322: Type '{ children: (false | Element)[]; type: string; title: string; icon: Element; tabs: Element; }' is not assignable to type 'IntrinsicAttributes & PageWrapperProps'.
  Property 'type' does not exist on type 'IntrinsicAttributes & PageWrapperProps'.
src/app/[locale]/(dashboard)/organization/materials/page.tsx(104,21): error TS2322: Type '{ children: (false | Element)[]; type: string; title: string; icon: Element; tabs: Element; }' is not assignable to type 'IntrinsicAttributes & PageWrapperProps'.
  Property 'type' does not exist on type 'IntrinsicAttributes & PageWrapperProps'.
src/app/[locale]/(dashboard)/organization/page.tsx(69,17): error TS2322: Type '{ children: Element; type: string; title: string; icon: Element; }' is not assignable to type 'IntrinsicAttributes & PageWrapperProps'.
  Property 'type' does not exist on type 'IntrinsicAttributes & PageWrapperProps'.
src/app/[locale]/(dashboard)/organization/planner/layout.tsx(21,13): error TS2322: Type '{ children: ReactNode; type: string; title: string; icon: Element; }' is not assignable to type 'IntrinsicAttributes & PageWrapperProps'.
  Property 'type' does not exist on type 'IntrinsicAttributes & PageWrapperProps'.
src/app/[locale]/(dashboard)/organization/projects/[projectId]/page.tsx(78,21): error TS2322: Type '{ children: Element[]; type: string; title: any; parentLabel: string; backButton: Element; }' is not assignable to type 'IntrinsicAttributes & PageWrapperProps'.
  Property 'type' does not exist on type 'IntrinsicAttributes & PageWrapperProps'.
src/app/[locale]/(dashboard)/organization/quotes/[quoteId]/page.tsx(99,21): error TS2322: Type '{ children: (false | Element)[]; type: string; title: string | Element; icon: Element; backButton: Element; parentLabel: string; }' is not assignable to type 'IntrinsicAttributes & PageWrapperProps'.
  Property 'type' does not exist on type 'IntrinsicAttributes & PageWrapperProps'.
src/app/[locale]/(dashboard)/organization/quotes/page.tsx(66,26): error TS2322: Type '{ children: Element; type: string; title: string; icon: Element; }' is not assignable to type 'IntrinsicAttributes & PageWrapperProps'.
  Property 'type' does not exist on type 'IntrinsicAttributes & PageWrapperProps'.
src/app/[locale]/(dashboard)/organization/quotes/page.tsx(82,26): error TS2322: Type '{ children: Element; type: string; title: string; icon: Element; }' is not assignable to type 'IntrinsicAttributes & PageWrapperProps'.
  Property 'type' does not exist on type 'IntrinsicAttributes & PageWrapperProps'.
src/app/[locale]/(dashboard)/organization/reports/page.tsx(38,21): error TS2322: Type '{ children: Element; type: string; title: string; icon: Element; tabs: Element; }' is not assignable to type 'IntrinsicAttributes & PageWrapperProps'.
  Property 'type' does not exist on type 'IntrinsicAttributes & PageWrapperProps'.
src/app/[locale]/(dashboard)/organization/sitelog/page.tsx(52,21): error TS2322: Type '{ children: Element; type: string; title: string; icon: Element; tabs: Element; }' is not assignable to type 'IntrinsicAttributes & PageWrapperProps'.
  Property 'type' does not exist on type 'IntrinsicAttributes & PageWrapperProps'.
src/app/[locale]/(dashboard)/organization/sitelog/page.tsx(88,26): error TS2322: Type '{ children: Element; type: string; title: string; icon: Element; }' is not assignable to type 'IntrinsicAttributes & PageWrapperProps'.
  Property 'type' does not exist on type 'IntrinsicAttributes & PageWrapperProps'.
src/app/[locale]/(dashboard)/organization/subcontracts/page.tsx(53,21): error TS2322: Type '{ children: Element[]; type: string; title: string; icon: Element; className: string; tabs: Element; }' is not assignable to type 'IntrinsicAttributes & PageWrapperProps'.
  Property 'type' does not exist on type 'IntrinsicAttributes & PageWrapperProps'.
src/features/subcontracts/views/details/subcontract-detail-page.tsx(105,21): error TS2322: Type '{ children: Element[]; type: string; title: any; icon: Element; backButton: Element; tabs: Element; className: string; }' is not assignable to type 'IntrinsicAttributes & PageWrapperProps'.
  Property 'type' does not exist on type 'IntrinsicAttributes & PageWrapperProps'.
