src/app/[locale]/(dashboard)/organization/catalog/task/[taskId]/task-detail-tabs.tsx(4,35): error TS2307: Cannot find module '@/components/shared/detail-content-tabs' or its corresponding type declarations.
src/components/layout/public/header.tsx(311,47): error TS2322: Type '"/founders"' is not assignable to type '"/" | "/hub" | "/organization" | "/settings" | "/settings/profile" | "/settings/organizations" | "/settings/security" | "/settings/billing" | "/settings/notifications" | ... 202 more ... | ({ ...; } & Omit<...>)'.
src/features/academy/components/courses-content.tsx(144,43): error TS2322: Type '"/founders"' is not assignable to type '"/" | "/hub" | "/organization" | "/settings" | "/settings/profile" | "/settings/organizations" | "/settings/security" | "/settings/billing" | "/settings/notifications" | ... 202 more ... | ({ ...; } & Omit<...>)'.
src/features/billing/components/plans-comparison.tsx(252,23): error TS2322: Type '"/founders"' is not assignable to type '"/" | "/hub" | "/organization" | "/settings" | "/settings/profile" | "/settings/organizations" | "/settings/security" | "/settings/billing" | "/settings/notifications" | ... 202 more ... | ({ ...; } & Omit<...>)'.
